[36mvite v6.4.1 [32mbuilding for production...[36m[39m
transforming...
[32m✓[39m 41 modules transformed.
rendering chunks...
computing gzip size...
[2mdist/[22m[32mindex.html                 [39m[1m[2m  1.32 kB[22m[1m[22m[2m │ gzip:  0.61 kB[22m
[2mdist/[22m[35massets/index-FDb4-chM.css  [39m[1m[2m 10.85 kB[22m[1m[22m[2m │ gzip:  3.11 kB[22m
[2mdist/[22m[36massets/index-CVcW-2vm.js   [39m[1m[2m211.17 kB[22m[1m[22m[2m │ gzip: 66.42 kB[22m
[32m✓ built in 1.22s[39m
